
> shoppilot@0.1.0 dev
> next dev

▲ Next.js 16.2.6 (Turbopack)
- Local:         http://localhost:3000
- Network:       http://192.168.31.214:3000
- Environments: .env.local
✓ Ready in 374ms
⚠ The "middleware" file convention is deprecated. Please use "proxy" instead. Learn more: https://nextjs.org/docs/messages/middleware-to-proxy

 GET / 200 in 412ms (next.js: 120ms, proxy.ts: 93ms, application-code: 199ms)
 GET / 200 in 49ms (next.js: 3ms, proxy.ts: 7ms, application-code: 39ms)
 GET /api/auth/session 200 in 681ms (next.js: 662ms, proxy.ts: 3ms, application-code: 17ms)
 GET /api/auth/session 200 in 320ms (next.js: 287ms, proxy.ts: 6ms, application-code: 26ms)
 GET /api/auth/session 200 in 14ms (next.js: 6ms, proxy.ts: 3ms, application-code: 5ms)
 GET /api/auth/session 200 in 14ms (next.js: 3ms, proxy.ts: 6ms, application-code: 5ms)
 GET /sign-in 200 in 438ms (next.js: 363ms, proxy.ts: 5ms, application-code: 71ms)
 GET /sign-in 200 in 46ms (next.js: 8ms, proxy.ts: 7ms, application-code: 30ms)
 GET /api/auth/session 200 in 22ms (next.js: 7ms, proxy.ts: 7ms, application-code: 7ms)
 GET /api/auth/session 200 in 15ms (next.js: 3ms, proxy.ts: 6ms, application-code: 6ms)
 GET /auth/start/google 307 in 614ms (next.js: 593ms, proxy.ts: 6ms, application-code: 16ms)
[browser] Failed to fetch RSC payload for http://localhost:3000/auth/start/google. Falling back to browser navigation. TypeError: Failed to fetch
 GET /auth/start/google 307 in 46ms (next.js: 6ms, proxy.ts: 8ms, application-code: 33ms)
 GET /storyboard 200 in 59ms (next.js: 27ms, proxy.ts: 4ms, application-code: 28ms)
[browser] Detected `scroll-behavior: smooth` on the `<html>` element. To disable smooth scrolling during route transitions, add `data-scroll-behavior="smooth"` to your <html> element. Learn more: https://nextjs.org/docs/messages/missing-data-scroll-behavior
 GET /tiktok-adgen 200 in 55ms (next.js: 25ms, proxy.ts: 6ms, application-code: 24ms)
 GET /pricing 200 in 54ms (next.js: 25ms, proxy.ts: 4ms, application-code: 25ms)
 GET /tiktok-adgen 200 in 34ms (next.js: 3ms, proxy.ts: 5ms, application-code: 26ms)
 GET /storyboard 200 in 31ms (next.js: 3ms, proxy.ts: 5ms, application-code: 23ms)
 GET / 200 in 28ms (next.js: 3ms, proxy.ts: 4ms, application-code: 21ms)
 GET /storyboard 200 in 28ms (next.js: 3ms, proxy.ts: 4ms, application-code: 21ms)
 GET /tiktok-adgen 200 in 33ms (next.js: 3ms, proxy.ts: 4ms, application-code: 26ms)
 GET /pricing 200 in 27ms (next.js: 3ms, proxy.ts: 3ms, application-code: 20ms)
 GET /tiktok-adgen 200 in 27ms (next.js: 3ms, proxy.ts: 4ms, application-code: 19ms)
 GET /storyboard 200 in 29ms (next.js: 3ms, proxy.ts: 4ms, application-code: 21ms)
 GET / 200 in 29ms (next.js: 3ms, proxy.ts: 8ms, application-code: 18ms)
 GET /storyboard 200 in 28ms (next.js: 3ms, proxy.ts: 4ms, application-code: 21ms)
 GET /tiktok-adgen 200 in 28ms (next.js: 3ms, proxy.ts: 4ms, application-code: 21ms)
 GET /pricing 200 in 30ms (next.js: 3ms, proxy.ts: 5ms, application-code: 22ms)
 GET /tiktok-adgen 200 in 27ms (next.js: 3ms, proxy.ts: 4ms, application-code: 20ms)
 GET /storyboard 200 in 27ms (next.js: 3ms, proxy.ts: 4ms, application-code: 19ms)
 GET / 200 in 28ms (next.js: 3ms, proxy.ts: 4ms, application-code: 20ms)
 GET /storyboard 200 in 26ms (next.js: 3ms, proxy.ts: 3ms, application-code: 20ms)
 GET /tiktok-adgen 200 in 26ms (next.js: 3ms, proxy.ts: 4ms, application-code: 19ms)
 GET /pricing 200 in 27ms (next.js: 3ms, proxy.ts: 3ms, application-code: 21ms)
 GET /tiktok-adgen 200 in 27ms (next.js: 3ms, proxy.ts: 4ms, application-code: 20ms)
 GET /storyboard 200 in 26ms (next.js: 3ms, proxy.ts: 3ms, application-code: 19ms)
 GET / 200 in 27ms (next.js: 3ms, proxy.ts: 4ms, application-code: 20ms)
 GET /pricing 200 in 29ms (next.js: 3ms, proxy.ts: 7ms, application-code: 19ms)
 GET /tiktok-adgen 200 in 36ms (next.js: 4ms, proxy.ts: 6ms, application-code: 26ms)
 GET /storyboard 200 in 29ms (next.js: 3ms, proxy.ts: 5ms, application-code: 21ms)
 GET / 200 in 29ms (next.js: 3ms, proxy.ts: 5ms, application-code: 21ms)
 GET /storyboard 200 in 30ms (next.js: 3ms, proxy.ts: 3ms, application-code: 23ms)
 GET /tiktok-adgen 200 in 30ms (next.js: 3ms, proxy.ts: 4ms, application-code: 22ms)
 GET /pricing 200 in 26ms (next.js: 3ms, proxy.ts: 4ms, application-code: 19ms)
 GET /tiktok-adgen 200 in 31ms (next.js: 3ms, proxy.ts: 4ms, application-code: 24ms)
 GET /storyboard 200 in 29ms (next.js: 3ms, proxy.ts: 5ms, application-code: 21ms)
 GET / 200 in 28ms (next.js: 3ms, proxy.ts: 4ms, application-code: 20ms)
 GET /storyboard 200 in 27ms (next.js: 3ms, proxy.ts: 3ms, application-code: 20ms)
 GET /tiktok-adgen 200 in 26ms (next.js: 4ms, proxy.ts: 4ms, application-code: 19ms)
 GET /pricing 200 in 27ms (next.js: 3ms, proxy.ts: 4ms, application-code: 20ms)
 GET /tiktok-adgen 200 in 26ms (next.js: 3ms, proxy.ts: 3ms, application-code: 20ms)
 GET /storyboard 200 in 29ms (next.js: 3ms, proxy.ts: 4ms, application-code: 23ms)
 GET / 200 in 29ms (next.js: 3ms, proxy.ts: 5ms, application-code: 20ms)
 GET /storyboard 200 in 26ms (next.js: 3ms, proxy.ts: 4ms, application-code: 19ms)
 GET /tiktok-adgen 200 in 28ms (next.js: 3ms, proxy.ts: 6ms, application-code: 20ms)
 GET /pricing 200 in 28ms (next.js: 3ms, proxy.ts: 4ms, application-code: 21ms)
 GET /tiktok-adgen 200 in 26ms (next.js: 3ms, proxy.ts: 3ms, application-code: 19ms)
 GET /storyboard 200 in 30ms (next.js: 3ms, proxy.ts: 4ms, application-code: 23ms)
 GET / 200 in 29ms (next.js: 4ms, proxy.ts: 5ms, application-code: 20ms)
 GET /storyboard 200 in 25ms (next.js: 3ms, proxy.ts: 3ms, application-code: 19ms)
⨯ ./auth.ts:9:32
Module not found: Can't resolve 'undici'
  [90m 7 |[0m   [36mif[0m (!proxyUrl) [36mreturn[0m fetch(input, init);
  [90m 8 |[0m
[31m[1m>[0m [90m 9 |[0m   [36mconst[0m { [33mProxyAgent[0m } = [36mawait[0m [36mimport[0m([32m"undici"[0m);
  [90m   |[0m                                [31m[1m^^^^^^^^^^^^^^^^[0m
  [90m10 |[0m   [36mreturn[0m fetch(input, { ...init, dispatcher: [36mnew[0m [33mProxyAgent[0m(proxyUrl) } [36mas[0m [33mRequestInit[0m);
  [90m11 |[0m };
  [90m12 |[0m



Import trace:
  Edge Middleware:
    ./auth.ts
    ./middleware.ts

https://nextjs.org/docs/messages/module-not-found


✓ Compiled in 195ms
[browser] ./auth.ts:9:32
Module not found: Can't resolve 'undici'
   7 |   if (!proxyUrl) return fetch(input, init);
   8 |
>  9 |   const { ProxyAgent } = await import("undici");
     |                                ^^^^^^^^^^^^^^^^
  10 |   return fetch(input, { ...init, dispatcher: new ProxyAgent(proxyUrl) } as RequestInit);
  11 | };
  12 |

Import trace:
  Edge Middleware:
    ./auth.ts
    ./middleware.ts

https://nextjs.org/docs/messages/module-not-found 
[browser] ./auth.ts:9:32
Module not found: Can't resolve 'undici'
   7 |   if (!proxyUrl) return fetch(input, init);
   8 |
>  9 |   const { ProxyAgent } = await import("undici");
     |                                ^^^^^^^^^^^^^^^^
  10 |   return fetch(input, { ...init, dispatcher: new ProxyAgent(proxyUrl) } as RequestInit);
  11 | };
  12 |

Import trace:
  Edge Middleware:
    ./auth.ts
    ./middleware.ts

https://nextjs.org/docs/messages/module-not-found 
[browser] ./auth.ts:9:32
Module not found: Can't resolve 'undici'
   7 |   if (!proxyUrl) return fetch(input, init);
   8 |
>  9 |   const { ProxyAgent } = await import("undici");
     |                                ^^^^^^^^^^^^^^^^
  10 |   return fetch(input, { ...init, dispatcher: new ProxyAgent(proxyUrl) } as RequestInit);
  11 | };
  12 |

Import trace:
  Edge Middleware:
    ./auth.ts
    ./middleware.ts

https://nextjs.org/docs/messages/module-not-found 
 GET /storyboard 500 in 500ms (next.js: 331ms, proxy.ts: 55ms, application-code: 114ms)
✓ Compiled in 816ms
 GET /storyboard 200 in 863ms (next.js: 607ms, proxy.ts: 3ms, application-code: 254ms)
 GET /storyboard 200 in 871ms (next.js: 621ms, proxy.ts: 3ms, application-code: 248ms)
 GET /api/auth/session 200 in 73ms (next.js: 60ms, proxy.ts: 2ms, application-code: 11ms)
 GET /api/auth/session 200 in 10ms (next.js: 3ms, proxy.ts: 2ms, application-code: 5ms)
